// Jest Snapshot v1, https://goo.gl/fbAQLP

exports[`Pruebas en <App /> Debe mostrar el componente correctamente 1`] = `
<Provider
  store={
    Object {
      "@@observable": [Function],
      "dispatch": [Function],
      "getState": [Function],
      "replaceReducer": [Function],
      "subscribe": [Function],
    }
  }
>
  <AppRouter />
</Provider>
`;
